OpenJDK 64-Bit Server VM (25.171-b11) for linux-amd64 JRE (1.8.0_171-8u171-b11-0ubuntu0.16.04.1-b11), built on Apr 27 2018 17:19:03 by "buildd" with gcc 5.4.0 20160609
Memory: 4k page, physical 33433724k(26077532k free), swap 62370300k(62370300k free)
CommandLine flags: -XX:+DisableExplicitGC -XX:InitialHeapSize=1073741824 -XX:InitiatingHeapOccupancyPercent=35 -XX:+ManagementServer -XX:MaxGCPauseMillis=20 -XX:MaxHeapSize=1073741824 -XX:+PrintGC -XX:+PrintGCDateStamps -XX:+PrintGCDetails -XX:+PrintGCTimeStamps -XX:+UseCompressedClassPointers -XX:+UseCompressedOops -XX:+UseG1GC 
2018-06-25T09:31:40.951-0400: 2.801: [GC pause (G1 Evacuation Pause) (young), 0.0331260 secs]
   [Parallel Time: 14.2 ms, GC Workers: 4]
      [GC Worker Start (ms): Min: 2801.3, Avg: 2806.0, Max: 2814.1, Diff: 12.8]
      [Ext Root Scanning (ms): Min: 0.0, Avg: 0.8, Max: 3.0, Diff: 3.0, Sum: 3.4]
      [Update RS (ms): Min: 0.0, Avg: 0.0, Max: 0.0, Diff: 0.0, Sum: 0.0]
         [Processed Buffers: Min: 0, Avg: 0.0, Max: 0, Diff: 0, Sum: 0]
      [Scan RS (ms): Min: 0.0, Avg: 0.0, Max: 0.0, Diff: 0.0, Sum: 0.1]
      [Code Root Scanning (ms): Min: 0.0, Avg: 2.2, Max: 8.4, Diff: 8.4, Sum: 8.8]
      [Object Copy (ms): Min: 0.0, Avg: 3.6, Max: 7.1, Diff: 7.1, Sum: 14.3]
      [Termination (ms): Min: 0.0, Avg: 1.7, Max: 2.4, Diff: 2.4, Sum: 6.6]
         [Termination Attempts: Min: 1, Avg: 1.0, Max: 1, Diff: 0, Sum: 4]
      [GC Worker Other (ms): Min: 0.0, Avg: 0.0, Max: 0.0, Diff: 0.0, Sum: 0.1]
      [GC Worker Total (ms): Min: 0.1, Avg: 8.3, Max: 12.9, Diff: 12.8, Sum: 33.3]
      [GC Worker End (ms): Min: 2814.1, Avg: 2814.3, Max: 2814.9, Diff: 0.8]
   [Code Root Fixup: 0.0 ms]
   [Code Root Purge: 0.0 ms]
   [Clear CT: 4.1 ms]
   [Other: 14.8 ms]
      [Choose CSet: 0.0 ms]
      [Ref Proc: 11.0 ms]
      [Ref Enq: 0.1 ms]
      [Redirty Cards: 3.3 ms]
      [Humongous Register: 0.0 ms]
      [Humongous Reclaim: 0.0 ms]
      [Free CSet: 0.1 ms]
   [Eden: 51.0M(51.0M)->0.0B(44.0M) Survivors: 0.0B->7168.0K Heap: 51.0M(1024.0M)->7609.0K(1024.0M)]
 [Times: user=0.05 sys=0.00, real=0.04 secs] 
2018-06-25T09:31:42.007-0400: 3.856: [GC pause (G1 Evacuation Pause) (young), 0.0323300 secs]
   [Parallel Time: 14.6 ms, GC Workers: 4]
      [GC Worker Start (ms): Min: 3856.7, Avg: 3864.1, Max: 3870.2, Diff: 13.5]
      [Ext Root Scanning (ms): Min: 0.0, Avg: 0.6, Max: 2.5, Diff: 2.5, Sum: 2.5]
      [Update RS (ms): Min: 0.0, Avg: 0.0, Max: 0.1, Diff: 0.1, Sum: 0.1]
         [Processed Buffers: Min: 0, Avg: 0.2, Max: 1, Diff: 1, Sum: 1]
      [Scan RS (ms): Min: 0.0, Avg: 0.0, Max: 0.1, Diff: 0.1, Sum: 0.1]
      [Code Root Scanning (ms): Min: 0.0, Avg: 0.3, Max: 1.4, Diff: 1.4, Sum: 1.4]
      [Object Copy (ms): Min: 0.0, Avg: 3.0, Max: 6.4, Diff: 6.4, Sum: 11.8]
      [Termination (ms): Min: 0.0, Avg: 2.3, Max: 3.9, Diff: 3.9, Sum: 9.4]
         [Termination Attempts: Min: 1, Avg: 1.0, Max: 1, Diff: 0, Sum: 4]
      [GC Worker Other (ms): Min: 0.0, Avg: 0.0, Max: 0.0, Diff: 0.0, Sum: 0.1]
      [GC Worker Total (ms): Min: 0.0, Avg: 6.3, Max: 13.7, Diff: 13.6, Sum: 25.4]
      [GC Worker End (ms): Min: 3870.2, Avg: 3870.4, Max: 3871.0, Diff: 0.7]
   [Code Root Fixup: 0.1 ms]
   [Code Root Purge: 0.0 ms]
   [Clear CT: 5.7 ms]
   [Other: 12.0 ms]
      [Choose CSet: 0.0 ms]
      [Ref Proc: 7.2 ms]
      [Ref Enq: 0.0 ms]
      [Redirty Cards: 4.5 ms]
      [Humongous Register: 0.0 ms]
      [Humongous Reclaim: 0.0 ms]
      [Free CSet: 0.1 ms]
   [Eden: 44.0M(44.0M)->0.0B(44.0M) Survivors: 7168.0K->7168.0K Heap: 179.4M(1024.0M)->135.6M(1024.0M)]
 [Times: user=0.06 sys=0.00, real=0.03 secs] 
2018-06-25T09:31:42.572-0400: 4.422: [GC pause (G1 Evacuation Pause) (young), 0.0115290 secs]
   [Parallel Time: 6.5 ms, GC Workers: 4]
      [GC Worker Start (ms): Min: 4421.7, Avg: 4422.0, Max: 4422.7, Diff: 1.0]
      [Ext Root Scanning (ms): Min: 0.0, Avg: 0.7, Max: 1.6, Diff: 1.6, Sum: 2.7]
      [Update RS (ms): Min: 0.0, Avg: 0.0, Max: 0.0, Diff: 0.0, Sum: 0.1]
         [Processed Buffers: Min: 0, Avg: 0.5, Max: 1, Diff: 1, Sum: 2]
      [Scan RS (ms): Min: 0.0, Avg: 0.0, Max: 0.0, Diff: 0.0, Sum: 0.1]
      [Code Root Scanning (ms): Min: 0.0, Avg: 1.2, Max: 3.2, Diff: 3.2, Sum: 4.7]
      [Object Copy (ms): Min: 2.1, Avg: 3.7, Max: 4.8, Diff: 2.7, Sum: 14.8]
      [Termination (ms): Min: 0.0, Avg: 0.0, Max: 0.0, Diff: 0.0, Sum: 0.0]
         [Termination Attempts: Min: 1, Avg: 3.5, Max: 7, Diff: 6, Sum: 14]
      [GC Worker Other (ms): Min: 0.0, Avg: 0.0, Max: 0.0, Diff: 0.0, Sum: 0.1]
      [GC Worker Total (ms): Min: 4.9, Avg: 5.6, Max: 5.9, Diff: 1.0, Sum: 22.4]
      [GC Worker End (ms): Min: 4427.6, Avg: 4427.6, Max: 4427.6, Diff: 0.0]
   [Code Root Fixup: 0.1 ms]
   [Code Root Purge: 0.0 ms]
   [Clear CT: 1.4 ms]
   [Other: 3.5 ms]
      [Choose CSet: 0.0 ms]
      [Ref Proc: 3.0 ms]
      [Ref Enq: 0.0 ms]
      [Redirty Cards: 0.2 ms]
      [Humongous Register: 0.0 ms]
      [Humongous Reclaim: 0.0 ms]
      [Free CSet: 0.1 ms]
   [Eden: 44.0M(44.0M)->0.0B(48.0M) Survivors: 7168.0K->3072.0K Heap: 179.6M(1024.0M)->133.8M(1024.0M)]
 [Times: user=0.00 sys=0.00, real=0.02 secs] 
2018-06-25T09:31:42.889-0400: 4.738: [GC pause (G1 Evacuation Pause) (young), 0.0107800 secs]
   [Parallel Time: 7.2 ms, GC Workers: 4]
      [GC Worker Start (ms): Min: 4739.3, Avg: 4741.7, Max: 4745.3, Diff: 6.1]
      [Ext Root Scanning (ms): Min: 0.0, Avg: 0.3, Max: 0.5, Diff: 0.5, Sum: 1.0]
      [Update RS (ms): Min: 0.0, Avg: 0.1, Max: 0.3, Diff: 0.3, Sum: 0.6]
         [Processed Buffers: Min: 0, Avg: 2.5, Max: 8, Diff: 8, Sum: 10]
      [Scan RS (ms): Min: 0.0, Avg: 0.1, Max: 0.3, Diff: 0.3, Sum: 0.4]
      [Code Root Scanning (ms): Min: 0.0, Avg: 0.1, Max: 0.2, Diff: 0.2, Sum: 0.3]
      [Object Copy (ms): Min: 0.0, Avg: 0.6, Max: 1.2, Diff: 1.2, Sum: 2.4]
      [Termination (ms): Min: 0.0, Avg: 2.7, Max: 4.0, Diff: 4.0, Sum: 10.8]
         [Termination Attempts: Min: 1, Avg: 1.0, Max: 1, Diff: 0, Sum: 4]
      [GC Worker Other (ms): Min: 0.0, Avg: 0.0, Max: 0.0, Diff: 0.0, Sum: 0.1]
      [GC Worker Total (ms): Min: 0.1, Avg: 3.9, Max: 6.3, Diff: 6.3, Sum: 15.5]
      [GC Worker End (ms): Min: 4745.4, Avg: 4745.5, Max: 4745.6, Diff: 0.2]
   [Code Root Fixup: 0.0 ms]
   [Code Root Purge: 0.0 ms]
   [Clear CT: 0.1 ms]
   [Other: 3.5 ms]
      [Choose CSet: 0.0 ms]
      [Ref Proc: 3.1 ms]
      [Ref Enq: 0.0 ms]
      [Redirty Cards: 0.1 ms]
      [Humongous Register: 0.0 ms]
      [Humongous Reclaim: 0.0 ms]
      [Free CSet: 0.0 ms]
   [Eden: 48.0M(48.0M)->0.0B(48.0M) Survivors: 3072.0K->3072.0K Heap: 181.8M(1024.0M)->133.5M(1024.0M)]
 [Times: user=0.02 sys=0.00, real=0.01 secs] 
2018-06-25T09:31:43.145-0400: 4.994: [GC pause (G1 Evacuation Pause) (young), 0.0060640 secs]
   [Parallel Time: 3.9 ms, GC Workers: 4]
      [GC Worker Start (ms): Min: 4993.8, Avg: 4994.8, Max: 4997.4, Diff: 3.6]
      [Ext Root Scanning (ms): Min: 0.0, Avg: 0.7, Max: 1.1, Diff: 1.0, Sum: 2.8]
      [Update RS (ms): Min: 0.0, Avg: 0.1, Max: 0.3, Diff: 0.3, Sum: 0.6]
         [Processed Buffers: Min: 0, Avg: 2.2, Max: 6, Diff: 6, Sum: 9]
      [Scan RS (ms): Min: 0.0, Avg: 0.0, Max: 0.1, Diff: 0.0, Sum: 0.1]
      [Code Root Scanning (ms): Min: 0.0, Avg: 0.1, Max: 0.5, Diff: 0.5, Sum: 0.6]
      [Object Copy (ms): Min: 0.0, Avg: 1.2, Max: 1.7, Diff: 1.7, Sum: 4.8]
      [Termination (ms): Min: 0.0, Avg: 0.6, Max: 0.8, Diff: 0.8, Sum: 2.5]
         [Termination Attempts: Min: 1, Avg: 2.2, Max: 5, Diff: 4, Sum: 9]
      [GC Worker Other (ms): Min: 0.0, Avg: 0.0, Max: 0.0, Diff: 0.0, Sum: 0.1]
      [GC Worker Total (ms): Min: 0.1, Avg: 2.8, Max: 3.9, Diff: 3.8, Sum: 11.4]
      [GC Worker End (ms): Min: 4997.5, Avg: 4997.7, Max: 4997.7, Diff: 0.3]
   [Code Root Fixup: 0.0 ms]
   [Code Root Purge: 0.0 ms]
   [Clear CT: 0.1 ms]
   [Other: 2.0 ms]
      [Choose CSet: 0.0 ms]
      [Ref Proc: 1.6 ms]
      [Ref Enq: 0.0 ms]
      [Redirty Cards: 0.1 ms]
      [Humongous Register: 0.0 ms]
      [Humongous Reclaim: 0.0 ms]
      [Free CSet: 0.0 ms]
   [Eden: 48.0M(48.0M)->0.0B(48.0M) Survivors: 3072.0K->3072.0K Heap: 181.5M(1024.0M)->133.7M(1024.0M)]
 [Times: user=0.06 sys=0.00, real=0.00 secs] 
2018-06-25T09:31:43.296-0400: 5.145: [GC pause (Metadata GC Threshold) (young) (initial-mark), 0.0036650 secs]
   [Parallel Time: 2.9 ms, GC Workers: 4]
      [GC Worker Start (ms): Min: 5145.4, Avg: 5145.4, Max: 5145.4, Diff: 0.0]
      [Ext Root Scanning (ms): Min: 0.6, Avg: 0.7, Max: 0.8, Diff: 0.2, Sum: 2.7]
      [Update RS (ms): Min: 0.0, Avg: 0.2, Max: 0.3, Diff: 0.3, Sum: 0.6]
         [Processed Buffers: Min: 0, Avg: 3.2, Max: 9, Diff: 9, Sum: 13]
      [Scan RS (ms): Min: 0.0, Avg: 0.0, Max: 0.0, Diff: 0.0, Sum: 0.0]
      [Code Root Scanning (ms): Min: 0.0, Avg: 0.2, Max: 0.6, Diff: 0.6, Sum: 0.7]
      [Object Copy (ms): Min: 1.4, Avg: 1.8, Max: 2.0, Diff: 0.6, Sum: 7.3]
      [Termination (ms): Min: 0.0, Avg: 0.0, Max: 0.0, Diff: 0.0, Sum: 0.0]
         [Termination Attempts: Min: 1, Avg: 1.8, Max: 3, Diff: 2, Sum: 7]
      [GC Worker Other (ms): Min: 0.0, Avg: 0.0, Max: 0.0, Diff: 0.0, Sum: 0.1]
      [GC Worker Total (ms): Min: 2.8, Avg: 2.9, Max: 2.9, Diff: 0.0, Sum: 11.4]
      [GC Worker End (ms): Min: 5148.3, Avg: 5148.3, Max: 5148.3, Diff: 0.0]
   [Code Root Fixup: 0.0 ms]
   [Code Root Purge: 0.0 ms]
   [Clear CT: 0.1 ms]
   [Other: 0.7 ms]
      [Choose CSet: 0.0 ms]
      [Ref Proc: 0.3 ms]
      [Ref Enq: 0.0 ms]
      [Redirty Cards: 0.1 ms]
      [Humongous Register: 0.0 ms]
      [Humongous Reclaim: 0.0 ms]
      [Free CSet: 0.0 ms]
   [Eden: 10.0M(48.0M)->0.0B(46.0M) Survivors: 3072.0K->5120.0K Heap: 143.6M(1024.0M)->135.7M(1024.0M)]
 [Times: user=0.00 sys=0.00, real=0.00 secs] 
2018-06-25T09:31:43.300-0400: 5.149: [GC concurrent-root-region-scan-start]
2018-06-25T09:31:43.303-0400: 5.152: [GC concurrent-root-region-scan-end, 0.0032430 secs]
2018-06-25T09:31:43.303-0400: 5.152: [GC concurrent-mark-start]
2018-06-25T09:31:43.326-0400: 5.176: [GC concurrent-mark-end, 0.0231200 secs]
2018-06-25T09:31:43.328-0400: 5.177: [GC remark 2018-06-25T09:31:43.328-0400: 5.177: [Finalize Marking, 0.0012360 secs] 2018-06-25T09:31:43.329-0400: 5.178: [GC ref-proc, 0.0005620 secs] 2018-06-25T09:31:43.330-0400: 5.179: [Unloading, 0.0040040 secs], 0.0080910 secs]
 [Times: user=0.00 sys=0.00, real=0.01 secs] 
2018-06-25T09:31:43.336-0400: 5.185: [GC cleanup 137M->137M(1024M), 0.0022640 secs]
 [Times: user=0.00 sys=0.00, real=0.00 secs] 
2018-06-25T09:31:43.559-0400: 5.408: [GC pause (G1 Evacuation Pause) (young), 0.0150360 secs]
   [Parallel Time: 11.5 ms, GC Workers: 4]
      [GC Worker Start (ms): Min: 5408.4, Avg: 5410.3, Max: 5413.9, Diff: 5.6]
      [Ext Root Scanning (ms): Min: 0.0, Avg: 0.6, Max: 1.3, Diff: 1.2, Sum: 2.5]
      [Update RS (ms): Min: 0.0, Avg: 0.2, Max: 0.5, Diff: 0.5, Sum: 0.8]
         [Processed Buffers: Min: 0, Avg: 3.0, Max: 10, Diff: 10, Sum: 12]
      [Scan RS (ms): Min: 0.0, Avg: 0.0, Max: 0.1, Diff: 0.0, Sum: 0.1]
      [Code Root Scanning (ms): Min: 0.0, Avg: 4.4, Max: 9.4, Diff: 9.4, Sum: 17.6]
      [Object Copy (ms): Min: 0.0, Avg: 2.3, Max: 6.2, Diff: 6.2, Sum: 9.2]
      [Termination (ms): Min: 0.0, Avg: 2.0, Max: 3.2, Diff: 3.2, Sum: 7.9]
         [Termination Attempts: Min: 1, Avg: 1.8, Max: 4, Diff: 3, Sum: 7]
      [GC Worker Other (ms): Min: 0.0, Avg: 0.0, Max: 0.0, Diff: 0.0, Sum: 0.1]
      [GC Worker Total (ms): Min: 5.9, Avg: 9.5, Max: 11.4, Diff: 5.6, Sum: 38.1]
      [GC Worker End (ms): Min: 5419.8, Avg: 5419.8, Max: 5419.8, Diff: 0.1]
   [Code Root Fixup: 0.0 ms]
   [Code Root Purge: 0.0 ms]
   [Clear CT: 0.1 ms]
   [Other: 3.4 ms]
      [Choose CSet: 0.0 ms]
      [Ref Proc: 3.1 ms]
      [Ref Enq: 0.0 ms]
      [Redirty Cards: 0.1 ms]
      [Humongous Register: 0.0 ms]
      [Humongous Reclaim: 0.0 ms]
      [Free CSet: 0.0 ms]
   [Eden: 46.0M(46.0M)->0.0B(46.0M) Survivors: 5120.0K->5120.0K Heap: 181.7M(1024.0M)->136.0M(1024.0M)]
 [Times: user=0.06 sys=0.00, real=0.02 secs] 
2018-06-25T09:31:43.747-0400: 5.596: [GC pause (G1 Evacuation Pause) (young), 0.0072990 secs]
   [Parallel Time: 6.1 ms, GC Workers: 4]
      [GC Worker Start (ms): Min: 5596.2, Avg: 5598.4, Max: 5602.2, Diff: 6.0]
      [Ext Root Scanning (ms): Min: 0.0, Avg: 0.3, Max: 1.2, Diff: 1.2, Sum: 1.4]
      [Update RS (ms): Min: 0.0, Avg: 0.2, Max: 0.5, Diff: 0.5, Sum: 0.7]
         [Processed Buffers: Min: 0, Avg: 2.2, Max: 7, Diff: 7, Sum: 9]
      [Scan RS (ms): Min: 0.0, Avg: 0.0, Max: 0.1, Diff: 0.1, Sum: 0.1]
      [Code Root Scanning (ms): Min: 0.0, Avg: 0.2, Max: 0.9, Diff: 0.9, Sum: 0.9]
      [Object Copy (ms): Min: 0.0, Avg: 2.1, Max: 3.2, Diff: 3.2, Sum: 8.3]
      [Termination (ms): Min: 0.0, Avg: 1.0, Max: 1.3, Diff: 1.3, Sum: 3.9]
         [Termination Attempts: Min: 1, Avg: 1.0, Max: 1, Diff: 0, Sum: 4]
      [GC Worker Other (ms): Min: 0.0, Avg: 0.0, Max: 0.0, Diff: 0.0, Sum: 0.1]
      [GC Worker Total (ms): Min: 0.1, Avg: 3.9, Max: 6.1, Diff: 6.0, Sum: 15.5]
      [GC Worker End (ms): Min: 5602.3, Avg: 5602.3, Max: 5602.3, Diff: 0.0]
   [Code Root Fixup: 0.0 ms]
   [Code Root Purge: 0.0 ms]
   [Clear CT: 0.1 ms]
   [Other: 1.1 ms]
      [Choose CSet: 0.0 ms]
      [Ref Proc: 0.9 ms]
      [Ref Enq: 0.0 ms]
      [Redirty Cards: 0.0 ms]
      [Humongous Register: 0.0 ms]
      [Humongous Reclaim: 0.0 ms]
      [Free CSet: 0.0 ms]
   [Eden: 46.0M(46.0M)->0.0B(47.0M) Survivors: 5120.0K->4096.0K Heap: 182.0M(1024.0M)->135.0M(1024.0M)]
 [Times: user=0.00 sys=0.00, real=0.01 secs] 
2018-06-25T09:31:44.260-0400: 6.109: [GC pause (G1 Humongous Allocation) (young) (initial-mark), 0.0057990 secs]
   [Parallel Time: 4.5 ms, GC Workers: 4]
      [GC Worker Start (ms): Min: 6108.9, Avg: 6109.1, Max: 6109.4, Diff: 0.4]
      [Ext Root Scanning (ms): Min: 0.5, Avg: 0.8, Max: 1.0, Diff: 0.5, Sum: 3.4]
      [Update RS (ms): Min: 0.0, Avg: 0.2, Max: 0.4, Diff: 0.3, Sum: 0.8]
         [Processed Buffers: Min: 1, Avg: 2.5, Max: 7, Diff: 6, Sum: 10]
      [Scan RS (ms): Min: 0.0, Avg: 0.0, Max: 0.0, Diff: 0.0, Sum: 0.1]
      [Code Root Scanning (ms): Min: 0.0, Avg: 0.3, Max: 0.9, Diff: 0.9, Sum: 1.1]
      [Object Copy (ms): Min: 2.2, Avg: 2.9, Max: 3.2, Diff: 1.0, Sum: 11.6]
      [Termination (ms): Min: 0.0, Avg: 0.0, Max: 0.0, Diff: 0.0, Sum: 0.1]
         [Termination Attempts: Min: 1, Avg: 1.5, Max: 2, Diff: 1, Sum: 6]
      [GC Worker Other (ms): Min: 0.0, Avg: 0.0, Max: 0.0, Diff: 0.0, Sum: 0.1]
      [GC Worker Total (ms): Min: 4.0, Avg: 4.3, Max: 4.4, Diff: 0.4, Sum: 17.1]
      [GC Worker End (ms): Min: 6113.3, Avg: 6113.3, Max: 6113.4, Diff: 0.0]
   [Code Root Fixup: 0.0 ms]
   [Code Root Purge: 0.0 ms]
   [Clear CT: 0.2 ms]
   [Other: 1.1 ms]
      [Choose CSet: 0.0 ms]
      [Ref Proc: 0.3 ms]
      [Ref Enq: 0.0 ms]
      [Redirty Cards: 0.3 ms]
      [Humongous Register: 0.0 ms]
      [Humongous Reclaim: 0.2 ms]
      [Free CSet: 0.0 ms]
   [Eden: 32.0M(47.0M)->0.0B(53.0M) Survivors: 4096.0K->5120.0K Heap: 351.6M(1024.0M)->135.5M(1024.0M)]
 [Times: user=0.00 sys=0.00, real=0.01 secs] 
2018-06-25T09:31:44.266-0400: 6.115: [GC concurrent-root-region-scan-start]
2018-06-25T09:31:44.270-0400: 6.119: [GC concurrent-root-region-scan-end, 0.0044800 secs]
2018-06-25T09:31:44.270-0400: 6.119: [GC concurrent-mark-start]
2018-06-25T09:31:44.280-0400: 6.129: [GC concurrent-mark-end, 0.0101420 secs]
2018-06-25T09:31:44.280-0400: 6.130: [GC remark 2018-06-25T09:31:44.280-0400: 6.130: [Finalize Marking, 0.0002350 secs] 2018-06-25T09:31:44.281-0400: 6.130: [GC ref-proc, 0.0002630 secs] 2018-06-25T09:31:44.281-0400: 6.130: [Unloading, 0.0037970 secs], 0.0066970 secs]
 [Times: user=0.02 sys=0.00, real=0.01 secs] 
2018-06-25T09:31:44.288-0400: 6.137: [GC cleanup 200M->200M(1024M), 0.0021830 secs]
 [Times: user=0.00 sys=0.00, real=0.00 secs] 
Heap
 garbage-first heap   total 1048576K, used 231957K [0x00000000c0000000, 0x00000000c0102000, 0x0000000100000000)
  region size 1024K, 32 young (32768K), 5 survivors (Heap
 garbage-first heap   total 1048576K, used 245961K [0x00000000c0000000, 0x00000000c0102000, 0x0000000100000000)
  region size 1024K, 46 young (47104K), 5 survivors (5120K)
 Metaspace       used 24416K, capacity 24560K, committed 24704K, reserved 1071104K
  class space    used 3382K, capacity 3428K, committed 3456K, reserved 1048576K
Max: 0.1, Diff: 0.1, Sum: 0.2]
      [Code Root Scanning (ms): Min: 0.4, Avg: 0.8, Max: 1.2, Diff: 0.9, Sum: 3.2]
      [Object Copy (ms): Min: 5.5, Avg: 6.2, Max: 6.7, Diff: 1.1, Sum: 24.8]
      [Termination (ms): Min: 0.0, Avg: 0.1, Max: 0.2, Diff: 0.2, Sum: 0.4]
         [Termination Attempts: Min: 1, Avg: 1.0, Max: 1, Diff: 0, Sum: 4]
      [GC Worker Other (ms): Min: 0.0, Avg: 0.0, Max: 0.0, Diff: 0.0, Sum: 0.2]
      [GC Worker Total (ms): Min: 8.6, Avg: 8.7, Max: 8.8, Diff: 0.2, Sum: 34.7]
      [GC Worker End (ms): Min: 189835.2, Avg: 189835.3, Max: 189835.3, Diff: 0.0]
   [Code Root Fixup: 0.1 ms]
   [Code Root Purge: 0.0 ms]
   [Clear CT: 0.4 ms]
   [Other: 4.5 ms]
      [Choose CSet: 0.0 ms]
      [Ref Proc: 2.7 ms]
      [Ref Enq: 0.0 ms]
      [Redirty Cards: 0.4 ms]
      [Humongous Register: 0.7 ms]
      [Humongous Reclaim: 0.2 ms]
      [Free CSet: 0.1 ms]
   [Eden: 46.0M(46.0M)->0.0B(44.0M) Survivors: 5120.0K->7168.0K Heap: 246.6M(1024.0M)->137.6M(1024.0M)]
 [Times: user=0.01 sys=0.00, real=0.01 secs] 
Heap
 garbage-first heap   total 1048576K, used 142923K [0x00000000c0000000, 0x00000000c0102000, 0x0000000100000000)
  region size 1024K, 10 young (10240K), 7 survivors (7168K)
 Metaspace       used 24418K, capacity 24608K, committed 24704K, reserved 1071104K
  class space    used 3380K, capacity 3428K, committed 3456K, reserved 1048576K
