OpenJDK 64-Bit Server VM (25.171-b11) for linux-amd64 JRE (1.8.0_171-8u171-b11-0ubuntu0.16.04.1-b11), built on Apr 27 2018 17:19:03 by "buildd" with gcc 5.4.0 20160609
Memory: 4k page, physical 33433724k(24555720k free), swap 62370300k(62370300k free)
CommandLine flags: -XX:+DisableExplicitGC -XX:InitialHeapSize=536870912 -XX:InitiatingHeapOccupancyPercent=35 -XX:+ManagementServer -XX:MaxGCPauseMillis=20 -XX:MaxHeapSize=536870912 -XX:+PrintGC -XX:+PrintGCDateStamps -XX:+PrintGCDetails -XX:+PrintGCTimeStamps -XX:+UseCompressedClassPointers -XX:+UseCompressedOops -XX:+UseG1GC 
2018-06-22T14:58:40.981-0400: 222.852: [GC pause (G1 Evacuation Pause) (young), 0.0195110 secs]
   [Parallel Time: 12.8 ms, GC Workers: 4]
      [GC Worker Start (ms): Min: 222852.8, Avg: 222852.9, Max: 222853.0, Diff: 0.2]
      [Ext Root Scanning (ms): Min: 1.1, Avg: 2.6, Max: 6.3, Diff: 5.1, Sum: 10.3]
      [Update RS (ms): Min: 0.0, Avg: 0.0, Max: 0.0, Diff: 0.0, Sum: 0.0]
         [Processed Buffers: Min: 0, Avg: 0.0, Max: 0, Diff: 0, Sum: 0]
      [Scan RS (ms): Min: 0.0, Avg: 0.0, Max: 0.1, Diff: 0.0, Sum: 0.1]
      [Code Root Scanning (ms): Min: 0.0, Avg: 0.5, Max: 1.5, Diff: 1.5, Sum: 2.1]
      [Object Copy (ms): Min: 6.2, Avg: 9.3, Max: 10.8, Diff: 4.6, Sum: 37.0]
      [Termination (ms): Min: 0.0, Avg: 0.0, Max: 0.0, Diff: 0.0, Sum: 0.1]
         [Termination Attempts: Min: 1, Avg: 1.8, Max: 3, Diff: 2, Sum: 7]
      [GC Worker Other (ms): Min: 0.1, Avg: 0.1, Max: 0.2, Diff: 0.1, Sum: 0.5]
      [GC Worker Total (ms): Min: 12.4, Avg: 12.5, Max: 12.6, Diff: 0.2, Sum: 50.1]
      [GC Worker End (ms): Min: 222865.4, Avg: 222865.4, Max: 222865.4, Diff: 0.0]
   [Code Root Fixup: 0.1 ms]
   [Code Root Purge: 0.0 ms]
   [Clear CT: 0.5 ms]
   [Other: 6.1 ms]
      [Choose CSet: 0.0 ms]
      [Ref Proc: 4.7 ms]
      [Ref Enq: 0.0 ms]
      [Redirty Cards: 0.5 ms]
      [Humongous Register: 0.4 ms]
      [Humongous Reclaim: 0.0 ms]
      [Free CSet: 0.1 ms]
   [Eden: 25.0M(25.0M)->0.0B(21.0M) Survivors: 0.0B->4096.0K Heap: 25.0M(512.0M)->3821.2K(512.0M)]
 [Times: user=0.02 sys=0.00, real=0.02 secs] 
